// Vitest Snapshot v1, https://vitest.dev/guide/snapshot.html

exports[`router > BrowserRouter > link 1`] = `
<div>
  <div
    data-testid="test-wrapper"
  >
    <div>
      <a
        href="/abc"
      >
        link to /abc
      </a>
      <div>
        abc
      </div>
    </div>
  </div>
</div>
`;
