// Vitest Snapshot v1, https://vitest.dev/guide/snapshot.html

exports[`match > load > 0 matches 1`] = `[]`;

exports[`match > load > 1 match 1`] = `
[
  {
    "elements": {
      "index": undefined,
      "layout": {
        "Main": {
          "$$typeof": Symbol(react.transitional.element),
          "_owner": null,
          "_store": {},
          "key": "Main",
          "props": {
            "children": {
              "$$typeof": Symbol(react.transitional.element),
              "_owner": null,
              "_store": {},
              "key": null,
              "props": {
                "children": "Layout",
              },
              "type": "div",
            },
            "value": [Circular],
          },
          "type": {
            "$$typeof": Symbol(react.context),
            "Consumer": {
              "$$typeof": Symbol(react.consumer),
              "_context": [Circular],
            },
            "Provider": [Circular],
            "_currentRenderer": null,
            "_currentRenderer2": null,
            "_currentValue": {
              "isFull": false,
              "location": "",
              "params": {},
              "route": {
                "elements": {},
                "loaded": false,
                "modules": [],
                "path": "",
                "test": {
                  "keys": [],
                  "pattern": /\\(\\?:\\)/,
                },
              },
            },
            "_currentValue2": {
              "isFull": false,
              "location": "",
              "params": {},
              "route": {
                "elements": {},
                "loaded": false,
                "modules": [],
                "path": "",
                "test": {
                  "keys": [],
                  "pattern": /\\(\\?:\\)/,
                },
              },
            },
            "_threadCount": 0,
          },
        },
      },
      "notFound": undefined,
    },
    "fist": [Circular],
    "isFull": true,
    "location": "/",
    "params": {},
    "route": {
      "elements": {
        "layout": {
          "Main": {
            "$$typeof": Symbol(react.transitional.element),
            "_owner": null,
            "_store": {},
            "key": null,
            "props": {
              "children": "Layout",
            },
            "type": "div",
          },
        },
      },
      "loaded": true,
      "modules": [],
      "path": "/",
      "test": {
        "keys": [],
        "pattern": /\\^\\(\\?=\\$\\|\\\\/\\)/i,
      },
    },
  },
]
`;
